// Jest Snapshot v1, https://goo.gl/fbAQLP

exports[`<Logo /> should match snapshot 1`] = `
<styled.div>
  <styled.svg>
    <use
      xlinkHref="icon-logo.svg"
    />
  </styled.svg>
  <Styled(Link)
    to="/"
  >
    Selli
  </Styled(Link)>
</styled.div>
`;
