// Jest Snapshot v1, https://goo.gl/fbAQLP

exports[`<FormTitle /> should match snapshot 1`] = `
<styled.span>
  <styled.svg
    viewBox="0 0 489 323"
  >
    <use
      xlinkHref={
        Object {
          "viewBox": "0 0 489 323",
        }
      }
    />
  </styled.svg>
  Hello
</styled.span>
`;
