// Jest Snapshot v1, https://goo.gl/fbAQLP

exports[`<Loader /> should match snapshot 1`] = `
<styled.div>
  <Spin
    prefixCls="ant-spin"
    size="large"
    spinning={true}
    wrapperClassName=""
  />
</styled.div>
`;
